Microchip MPLAB XC8 Compiler V2.00 ()

Linker command line:

-W-3 --edf=C:\Program Files (x86)\Microchip\xc8\v2.00\pic\dat\en_msgs.txt \
  -cs -h+dist/default/production\segProg_PIC18.X.production.sym \
  --cmf=dist/default/production\segProg_PIC18.X.production.cmf -z -Q18F4550 \
  -oC:\Users\Pedro\AppData\Local\Temp\s894.2 \
  -Mdist/default/production/segProg_PIC18.X.production.map -E1 -ver=XC8 \
  --acfsm=1493 -ASTACK=0173h-07ffh -pstack=STACK -ACODE=00h-07FFFh \
  -ACONST=00h-07FFFh -ASMALLCONST=0800h-08FFhx120 \
  -AMEDIUMCONST=0800h-07FFFh -ACOMRAM=01h-05Fh -AABS1=00h-07FFh \
  -ABIGRAM=01h-07FFh -ARAM=060h-0FFh,0100h-01FFhx7 -ABANK0=060h-0FFh \
  -ABANK1=0100h-01FFh -ABANK2=0200h-02FFh -ABANK3=0300h-03FFh \
  -ABANK4=0400h-04FFh -ABANK5=0500h-05FFh -ABANK6=0600h-06FFh \
  -ABANK7=0700h-07FFh -ASFR=0F60h-0FFFh \
  -preset_vec=00h,intcode=08h,intcodelo,powerup,init -pramtop=0800h \
  -psmallconst=SMALLCONST -pmediumconst=MEDIUMCONST -pconst=CONST \
  -AFARRAM=00h-00h -ACONFIG=0300000h-030000Dh -pconfig=CONFIG \
  -AIDLOC=0200000h-0200007h -pidloc=IDLOC -AEEDATA=0F00000h-0F000FFh \
  -peeprom_data=EEDATA \
  -prdata=COMRAM,nvrram=COMRAM,nvbit=COMRAM,rbss=COMRAM,rbit=COMRAM \
  -pfarbss=FARRAM,fardata=FARRAM,nvFARRAM=FARRAM \
  -pintsave_regs=BIGRAM,bigbss=BIGRAM,bigdata=BIGRAM -pbss=RAM \
  -pidata=CODE,irdata=CODE,ibigdata=CODE,ifardata=CODE -prparam=COMRAM \
  C:\Users\Pedro\AppData\Local\Temp\s894.o \
  dist/default/production\segProg_PIC18.X.production.o 

Object code version is 3.11

Machine type is 18F4550

Call graph: (short form)




                Name                               Link     Load   Length Selector   Space Scale
C:\Users\Pedro\AppData\Local\Temp\s894.o
                init                                  E        E        4        4       0
                reset_vec                             0        0        4        0       0
                idloc                            200000   200000        8   200000       0
                config                           300000   300000        E   300000       0
dist/default/production\segProg_PIC18.X.production.o
                intcode                               8        8        6        4       0
                temp                                 5F       5F        1        1       1
                mediumconst                        7C78     7C78      388     3E3C       0
                text141                            560A     560A       36     259A       0
                intcode_body                       56DA     56DA       30     259A       0
                text139                            5AA2     5AA2        A     259A       0
                text138                            598A     598A       1A     259A       0
                text137                            5A98     5A98        A     259A       0
                text136                            59EC     59EC       18     259A       0
                text135                            59D4     59D4       18     259A       0
                text134                            59BC     59BC       18     259A       0
                text133                            58E8     58E8       1E     259A       0
                text132                            56A8     56A8       32     259A       0
                text131                            5478     5478       3E     259A       0
                text130                            52EE     52EE       48     259A       0
                text129                            58C6     58C6       22     259A       0
                text128                            5880     5880       24     259A       0
                text127                            5A8E     5A8E        A     259A       0
                text126                            5ACC     5ACC        8     259A       0
                text125                            5A3E     5A3E       12     259A       0
                text124                            5AC4     5AC4        8     259A       0
                text123                            5906     5906       1C     259A       0
                text122                            5ABC     5ABC        8     259A       0
                text121                            4220     4220       B8        4       0
                text120                            552C     552C       3A     259A       0
                text119                            5738     5738       2E     259A       0
                text118                            5A78     5A78        C     259A       0
                text117                            295E     295E      134        4       0
                text116                            282A     282A      134        4       0
                text115                            4B34     4B34       72     259A       0
                text114                            57BE     57BE       2A     259A       0
                text113                            2308     2308      154        4       0
                text112                            33A2     33A2       EC        4       0
                text111                            39BE     39BE       D8        4       0
                text110                            51C6     51C6       4E     259A       0
                text109                            2DEC     2DEC      104        4       0
                text108                            4EEC     4EEC       66     259A       0
                text107                            1B76     1B76      1A2        4       0
                text106                            5A18     5A18       14     259A       0
                text105                            348E     348E       E6        4       0
                text104                            5A04     5A04       14     259A       0
                text103                            5810     5810       28     259A       0
                text102                            57E8     57E8       28     259A       0
                text101                            5072     5072       5E     259A       0
                text100                            203A     203A      168        4       0
                text99                             52A6     52A6       48     259A       0
                text98                             2CD4     2CD4      118        4       0
                text97                             4E1E     4E1E       68     259A       0
                text96                             5124     5124       54     259A       0
                text95                             4DB6     4DB6       68     259A       0
                text94                             3C34     3C34       C4        4       0
                text93                             42D8     42D8       AE        4       0
                text92                             4D4E     4D4E       68     259A       0
                text91                             4A48     4A48       78        4       0
                text90                             48CE     48CE       88        4       0
                text89                             570A     570A       2E     259A       0
                text88                             5178     5178       4E     259A       0
                text87                             5970     5970       1A     259A       0
                text86                             19D4     19D4      1A2        4       0
                text85                             5A6C     5A6C        C     259A       0
                text84                             5A5E     5A5E        E     259A       0
                text83                             5674     5674       34     259A       0
                text82                             58A4     58A4       22     259A       0
                text81                             5012     5012       60     259A       0
                text80                             2EF0     2EF0       FA        4       0
                text79                             4168     4168       B8        4       0
                text78                              480      480      350        4       0
                text77                             54B6     54B6       3C     259A       0
                text76                             5AB4     5AB4        8     259A       0
                text75                             50D0     50D0       54     259A       0
                text74                               12       12      46E        4       0
                text73                             245C     245C      152        4       0
                text72                             1478     1478      1DC        4       0
                text71                             55D4     55D4       36     259A       0
                text70                             5AAC     5AAC        8     259A       0
                text69                             5956     5956       1A     259A       0
                text68                             593C     593C       1A     259A       0
                text67                             4CE6     4CE6       68     259A       0
                text66                             559E     559E       36     259A       0
                text65                             44C6     44C6       9C        4       0
                text64                             1D18     1D18      19A        4       0
                text63                             5640     5640       34     259A       0
                text62                             5A50     5A50        E     259A       0
                text61                             38E6     38E6       D8        4       0
                text60                             5792     5792       2C     259A       0
                text59                             3F36     3F36       BE        4       0
                text58                             53BC     53BC       40     259A       0
                text57                             3B66     3B66       CE        4       0
                text56                             4692     4692       96        4       0
                text55                             59A4     59A4       18     259A       0
                text54                              B14      B14      2C4        4       0
                text53                             3E78     3E78       BE        4       0
                text52                             1654     1654      1CC        4       0
                text51                             5336     5336       44     259A       0
                text50                             380C     380C       DA        4       0
                text49                             127C     127C      1FC        4       0
                text48                             5A2C     5A2C       12     259A       0
                text47                             4C7C     4C7C       6A     259A       0
                text46                             585C     585C       24     259A       0
                text45                             4C12     4C12       6A     259A       0
                text44                             5838     5838       24     259A       0
                text43                             31C8     31C8       EE        4       0
                text42                             32B6     32B6       EC        4       0
                text41                             4426     4426       A0        4       0
                text40                              DD8      DD8      256        4       0
                text39                             2A92     2A92      128        4       0
                text38                             3732     3732       DA        4       0
                text37                             45FC     45FC       96        4       0
                text36                             2BBA     2BBA      11A        4       0
                text35                             40B0     40B0       B8        4       0
                text34                             1820     1820      1B4        4       0
                text33                             30DA     30DA       EE        4       0
                text32                             26F4     26F4      136        4       0
                text31                             5766     5766       2C     259A       0
                text30                             4728     4728       92        4       0
                text29                             537A     537A       42     259A       0
                text28                              7D0      7D0      344        4       0
                text27                             21A2     21A2      166        4       0
                text26                             3658     3658       DA        4       0
                text25                             2FEA     2FEA       F0        4       0
                text24                             4386     4386       A0        4       0
                text23                             3A96     3A96       D0        4       0
                text22                             3DB8     3DB8       C0        4       0
                text21                             3CF8     3CF8       C0        4       0
                text20                             102E     102E      24E        4       0
                text19                             3FF4     3FF4       BC        4       0
                text18                             4FB2     4FB2       60     259A       0
                text17                             1EB2     1EB2      188        4       0
                text16                             47BA     47BA       8C        4       0
                text15                             25AE     25AE      146        4       0
                text14                             4956     4956       7A        4       0
                text13                             4F52     4F52       60     259A       0
                text12                             54F2     54F2       3A     259A       0
                text11                             5566     5566       38     259A       0
                text10                             543A     543A       3E     259A       0
                text9                              525E     525E       48     259A       0
                text8                              4846     4846       88        4       0
                text7                              4E86     4E86       66     259A       0
                text6                              5AD4     5AD4        6     259A       0
                text5                              49D0     49D0       78        4       0
                text4                              3574     3574       E4        4       0
                text3                              53FC     53FC       3E     259A       0
                text2                              5A84     5A84        A     259A       0
                text1                              5922     5922       1A     259A       0
                text0                              4562     4562       9A        4       0
                cstackCOMRAM                          1        1       5D        1       1
                dataBANK1                           100      100       73      100       1
                dataBANK0                            B6       B6       4A       60       1
                bssBANK0                             60       60       56       60       1
                dataCOMRAM                           5E       5E        1        1       1
                cinit                              4BA6     4BA6       6C     259A       0
                idataBANK1                         4AC0     4AC0       73        4       0
                idataBANK0                         5214     5214       4A     259A       0
                idataCOMRAM                        5ADA     5ADA        1     259A       0

TOTAL           Name                               Link     Load   Length     Space
        CLASS   STACK          

        CLASS   CODE           
                intcode                               8        8        6         0
                init                                  E        E        4         0
                reset_vec                             0        0        4         0
                text141                            560A     560A       36         0
                intcode_body                       56DA     56DA       30         0
                text139                            5AA2     5AA2        A         0
                text138                            598A     598A       1A         0
                text137                            5A98     5A98        A         0
                text136                            59EC     59EC       18         0
                text135                            59D4     59D4       18         0
                text134                            59BC     59BC       18         0
                text133                            58E8     58E8       1E         0
                text132                            56A8     56A8       32         0
                text131                            5478     5478       3E         0
                text130                            52EE     52EE       48         0
                text129                            58C6     58C6       22         0
                text128                            5880     5880       24         0
                text127                            5A8E     5A8E        A         0
                text126                            5ACC     5ACC        8         0
                text125                            5A3E     5A3E       12         0
                text124                            5AC4     5AC4        8         0
                text123                            5906     5906       1C         0
                text122                            5ABC     5ABC        8         0
                text121                            4220     4220       B8         0
                text120                            552C     552C       3A         0
                text119                            5738     5738       2E         0
                text118                            5A78     5A78        C         0
                text117                            295E     295E      134         0
                text116                            282A     282A      134         0
                text115                            4B34     4B34       72         0
                text114                            57BE     57BE       2A         0
                text113                            2308     2308      154         0
                text112                            33A2     33A2       EC         0
                text111                            39BE     39BE       D8         0
                text110                            51C6     51C6       4E         0
                text109                            2DEC     2DEC      104         0
                text108                            4EEC     4EEC       66         0
                text107                            1B76     1B76      1A2         0
                text106                            5A18     5A18       14         0
                text105                            348E     348E       E6         0
                text104                            5A04     5A04       14         0
                text103                            5810     5810       28         0
                text102                            57E8     57E8       28         0
                text101                            5072     5072       5E         0
                text100                            203A     203A      168         0
                text99                             52A6     52A6       48         0
                text98                             2CD4     2CD4      118         0
                text97                             4E1E     4E1E       68         0
                text96                             5124     5124       54         0
                text95                             4DB6     4DB6       68         0
                text94                             3C34     3C34       C4         0
                text93                             42D8     42D8       AE         0
                text92                             4D4E     4D4E       68         0
                text91                             4A48     4A48       78         0
                text90                             48CE     48CE       88         0
                text89                             570A     570A       2E         0
                text88                             5178     5178       4E         0
                text87                             5970     5970       1A         0
                text86                             19D4     19D4      1A2         0
                text85                             5A6C     5A6C        C         0
                text84                             5A5E     5A5E        E         0
                text83                             5674     5674       34         0
                text82                             58A4     58A4       22         0
                text81                             5012     5012       60         0
                text80                             2EF0     2EF0       FA         0
                text79                             4168     4168       B8         0
                text78                              480      480      350         0
                text77                             54B6     54B6       3C         0
                text76                             5AB4     5AB4        8         0
                text75                             50D0     50D0       54         0
                text74                               12       12      46E         0
                text73                             245C     245C      152         0
                text72                             1478     1478      1DC         0
                text71                             55D4     55D4       36         0
                text70                             5AAC     5AAC        8         0
                text69                             5956     5956       1A         0
                text68                             593C     593C       1A         0
                text67                             4CE6     4CE6       68         0
                text66                             559E     559E       36         0
                text65                             44C6     44C6       9C         0
                text64                             1D18     1D18      19A         0
                text63                             5640     5640       34         0
                text62                             5A50     5A50        E         0
                text61                             38E6     38E6       D8         0
                text60                             5792     5792       2C         0
                text59                             3F36     3F36       BE         0
                text58                             53BC     53BC       40         0
                text57                             3B66     3B66       CE         0
                text56                             4692     4692       96         0
                text55                             59A4     59A4       18         0
                text54                              B14      B14      2C4         0
                text53                             3E78     3E78       BE         0
                text52                             1654     1654      1CC         0
                text51                             5336     5336       44         0
                text50                             380C     380C       DA         0
                text49                             127C     127C      1FC         0
                text48                             5A2C     5A2C       12         0
                text47                             4C7C     4C7C       6A         0
                text46                             585C     585C       24         0
                text45                             4C12     4C12       6A         0
                text44                             5838     5838       24         0
                text43                             31C8     31C8       EE         0
                text42                             32B6     32B6       EC         0
                text41                             4426     4426       A0         0
                text40                              DD8      DD8      256         0
                text39                             2A92     2A92      128         0
                text38                             3732     3732       DA         0
                text37                             45FC     45FC       96         0
                text36                             2BBA     2BBA      11A         0
                text35                             40B0     40B0       B8         0
                text34                             1820     1820      1B4         0
                text33                             30DA     30DA       EE         0
                text32                             26F4     26F4      136         0
                text31                             5766     5766       2C         0
                text30                             4728     4728       92         0
                text29                             537A     537A       42         0
                text28                              7D0      7D0      344         0
                text27                             21A2     21A2      166         0
                text26                             3658     3658       DA         0
                text25                             2FEA     2FEA       F0         0
                text24                             4386     4386       A0         0
                text23                             3A96     3A96       D0         0
                text22                             3DB8     3DB8       C0         0
                text21                             3CF8     3CF8       C0         0
                text20                             102E     102E      24E         0
                text19                             3FF4     3FF4       BC         0
                text18                             4FB2     4FB2       60         0
                text17                             1EB2     1EB2      188         0
                text16                             47BA     47BA       8C         0
                text15                             25AE     25AE      146         0
                text14                             4956     4956       7A         0
                text13                             4F52     4F52       60         0
                text12                             54F2     54F2       3A         0
                text11                             5566     5566       38         0
                text10                             543A     543A       3E         0
                text9                              525E     525E       48         0
                text8                              4846     4846       88         0
                text7                              4E86     4E86       66         0
                text6                              5AD4     5AD4        6         0
                text5                              49D0     49D0       78         0
                text4                              3574     3574       E4         0
                text3                              53FC     53FC       3E         0
                text2                              5A84     5A84        A         0
                text1                              5922     5922       1A         0
                text0                              4562     4562       9A         0
                cinit                              4BA6     4BA6       6C         0
                idataBANK1                         4AC0     4AC0       73         0
                idataBANK0                         5214     5214       4A         0
                idataCOMRAM                        5ADA     5ADA        1         0

        CLASS   CONST          

        CLASS   SMALLCONST     

        CLASS   MEDIUMCONST    
                mediumconst                        7C78     7C78      388         0

        CLASS   COMRAM         
                temp                                 5F       5F        1         1
                cstackCOMRAM                          1        1       5D         1
                dataCOMRAM                           5E       5E        1         1

        CLASS   ABS1           

        CLASS   BIGRAM         

        CLASS   RAM            

        CLASS   BANK0          
                dataBANK0                            B6       B6       4A         1
                bssBANK0                             60       60       56         1

        CLASS   BANK1          
                dataBANK1                           100      100       73         1

        CLASS   BANK2          

        CLASS   BANK3          

        CLASS   BANK4          

        CLASS   BANK5          

        CLASS   BANK6          

        CLASS   BANK7          

        CLASS   SFR            

        CLASS   FARRAM         

        CLASS   CONFIG         
                config                           300000   300000        E         0

        CLASS   IDLOC          
                idloc                            200000   200000        8         0

        CLASS   EEDATA         



SEGMENTS        Name                           Load    Length   Top    Selector   Space  Class

                reset_vec                      000000  000004  000004         0       0  CODE    
                cstackCOMRAM                   000001  00005F  000060         1       1  COMRAM  
                intcode                        000008  004B2B  004B33         4       0  CODE    
                bssBANK0                       000060  0000A0  000100        60       1  BANK0   
                dataBANK1                      000100  000073  000173       100       1  BANK1   
                text115                        004B34  000FA7  005ADB      259A       0  CODE    
                mediumconst                    007C78  000388  008000      3E3C       0  MEDIUMCO
                idloc                          200000  000008  200008    200000       0  IDLOC   
                config                         300000  00000E  30000E    300000       0  CONFIG  


UNUSED ADDRESS RANGES

        Name                Unused          Largest block    Delta
        BANK1            000173-0001FF               8D
        BANK2            000200-0002FF              100
        BANK3            000300-0003FF              100
        BANK4            000400-0004FF              100
        BANK5            000500-0005FF              100
        BANK6            000600-0006FF              100
        BANK7            000700-0007FF              100
        BIGRAM           000173-0007FF              68D
        CODE             000004-000007                4
                         004B33-004B33                1
                         005ADB-007C77             219D
        CONST            000004-000007                4
                         004B33-004B33                1
                         005ADB-007C77             219D
        EEDATA           F00000-F000FF              100
        MEDIUMCONST      004B33-004B33                1
                         005ADB-007C77             219D
        RAM              000173-0007FF              100
        SFR              000F60-000FFF               A0
        SMALLCONST       004B33-004B33                1
                         005ADB-007C77              100
        STACK            000173-0007FF              68D

                                  Symbol Table

?___aldiv                               cstackCOMRAM 00000D
?___awdiv                               cstackCOMRAM 000001
?___awmod                               cstackCOMRAM 000001
?___flmul                               cstackCOMRAM 00000F
?___fltol                               cstackCOMRAM 000028
?___lldiv                               cstackCOMRAM 000001
?___lmul                                cstackCOMRAM 000001
?___lwdiv                               cstackCOMRAM 000001
?___wmul                                cstackCOMRAM 000001
?___xxtofl                              cstackCOMRAM 000001
?_end_receita                           cstackCOMRAM 000001
?_fifo_adrs                             cstackCOMRAM 000001
?_getCiclos                             cstackCOMRAM 000001
?_getContCiclos                         cstackCOMRAM 000001
?_go_comeback                           cstackCOMRAM 000045
?_me_exec_botoes                        cstackCOMRAM 000045
?_me_exec_ciclos                        cstackCOMRAM 000045
?_me_exec_delay                         cstackCOMRAM 000045
?_me_exec_indice                        cstackCOMRAM 000045
?_me_exec_init                          cstackCOMRAM 000045
?_me_exec_ler_sensor                    cstackCOMRAM 000045
?_me_exec_ler_step                      cstackCOMRAM 000045
?_me_exec_principal                     cstackCOMRAM 000045
?_me_exec_vazio                         cstackCOMRAM 000045
?_me_tela_buscar_tecla                  cstackCOMRAM 000045
?_me_tela_edit_ciclos                   cstackCOMRAM 000045
?_me_tela_edit_ciclos_tecla             cstackCOMRAM 000045
?_me_tela_execucao                      cstackCOMRAM 000045
?_me_tela_execucao_print                cstackCOMRAM 000045
?_me_tela_inserir_ciclo_fifo            cstackCOMRAM 000045
?_me_tela_inserir_contrl_fila           cstackCOMRAM 000045
?_me_tela_inserir_passo                 cstackCOMRAM 000045
?_me_tela_inserir_tempo_fila            cstackCOMRAM 000045
?_me_tela_memoria_aviso                 cstackCOMRAM 000045
?_me_tela_memoria_escolha               cstackCOMRAM 000045
?_me_tela_memoria_escolha_tecla         cstackCOMRAM 000045
?_me_tela_memoria_ocupadas              cstackCOMRAM 000045
?_me_tela_memoria_salvando              cstackCOMRAM 000045
?_me_tela_salvar_seq                    cstackCOMRAM 000045
?_me_telas_ajuste_editar                cstackCOMRAM 000045
?_me_telas_ajuste_inicial               cstackCOMRAM 000045
?_me_telas_buscar                       cstackCOMRAM 000045
?_me_telas_cancelar_execucao            cstackCOMRAM 000045
?_me_telas_clean                        cstackCOMRAM 000045
?_me_telas_config1_excluir              cstackCOMRAM 000045
?_me_telas_config1_exec                 cstackCOMRAM 000045
?_me_telas_config1_msg                  cstackCOMRAM 000045
?_me_telas_config1_tecla                cstackCOMRAM 000045
?_me_telas_config2_exec                 cstackCOMRAM 000045
?_me_telas_config2_msg                  cstackCOMRAM 000045
?_me_telas_config2_ready                cstackCOMRAM 000045
?_me_telas_config4_inf                  cstackCOMRAM 000045
?_me_telas_config_menu                  cstackCOMRAM 000045
?_me_telas_config_menu_tecla            cstackCOMRAM 000045
?_me_telas_config_terceiro              cstackCOMRAM 000045
?_me_telas_contar_passo                 cstackCOMRAM 000045
?_me_telas_controle                     cstackCOMRAM 000045
?_me_telas_delay                        cstackCOMRAM 000045
?_me_telas_editar_passo                 cstackCOMRAM 000045
?_me_telas_init                         cstackCOMRAM 000045
?_me_telas_logo                         cstackCOMRAM 000045
?_me_telas_menu                         cstackCOMRAM 000045
?_me_telas_menu_tecla                   cstackCOMRAM 000045
?_me_telas_num_config                   cstackCOMRAM 000045
?_me_telas_print_buscar                 cstackCOMRAM 000045
?_me_telas_print_fifo                   cstackCOMRAM 000045
?_me_telas_repetir_ultima_seq           cstackCOMRAM 000045
?_me_telas_start                        cstackCOMRAM 000045
?_me_telas_teclado                      cstackCOMRAM 000045
?_me_telas_tempo                        cstackCOMRAM 000045
?_me_telas_verifica_memoria             cstackCOMRAM 000045
?_statusT1                              cstackCOMRAM 000001
EEPROM_read@addr                        cstackCOMRAM 000001
EEPROM_write@addr                       cstackCOMRAM 000002
EEPROM_write@data                       cstackCOMRAM 000001
I2C_init@freq                           cstackCOMRAM 00000E
I2C_tx@b                                cstackCOMRAM 000001
MCP4725@Vout                            cstackCOMRAM 00001B
_ADCON1                                 (abs)        000FC1
_BAUDCONbits                            (abs)        000FB8
_EEADR                                  (abs)        000FA9
_EECON1bits                             (abs)        000FA6
_EECON2                                 (abs)        000FA7
_EEDATA                                 (abs)        000FA8
_EEPROM_read                            text104      005A04
_EEPROM_write                           text83       005674
_I2C_ack_receive                        text135      0059D4
_I2C_init                               text120      00552C
_I2C_start                              text134      0059BC
_I2C_stop                               text136      0059EC
_I2C_tx                                 text133      0058E8
_IHM                                    dataBANK0    0000EA
_INTCONbits                             (abs)        000FF2
_LCDbits                                (abs)        000F8A
_MCP4725                                text129      0058C6
_PIE1bits                               (abs)        000F9D
_PIR1bits                               (abs)        000F9E
_PORTAbits                              (abs)        000F80
_PORTD                                  (abs)        000F83
_RCREG                                  (abs)        000FAE
_RCSTAbits                              (abs)        000FAB
_SERIALIO                               (abs)        000F80
_SPBRbits                               (abs)        000FAF
_SSPADD                                 (abs)        000FC8
_SSPBUF                                 (abs)        000FC9
_SSPCON1bits                            (abs)        000FC6
_SSPCON2bits                            (abs)        000FC5
_SSPSTATbits                            (abs)        000FC7
_T1CONbits                              (abs)        000FCD
_TMR1H                                  (abs)        000FCF
_TMR1L                                  (abs)        000FCE
_TRISAbits                              (abs)        000F92
_TRISBbits                              (abs)        000F93
_TRISCbits                              (abs)        000F94
_TRISD                                  (abs)        000F95
_TXREG                                  (abs)        000FAD
_TXSTAbits                              (abs)        000FAC
__CFG_BOR$OFF                           (abs)        000000
__CFG_BORV$3                            (abs)        000000
__CFG_CCP2MX$ON                         (abs)        000000
__CFG_CP0$OFF                           (abs)        000000
__CFG_CP1$OFF                           (abs)        000000
__CFG_CP2$OFF                           (abs)        000000
__CFG_CP3$OFF                           (abs)        000000
__CFG_CPB$OFF                           (abs)        000000
__CFG_CPD$OFF                           (abs)        000000
__CFG_CPUDIV$OSC1_PLL2                  (abs)        000000
__CFG_EBTR0$OFF                         (abs)        000000
__CFG_EBTR1$OFF                         (abs)        000000
__CFG_EBTR2$OFF                         (abs)        000000
__CFG_EBTR3$OFF                         (abs)        000000
__CFG_EBTRB$OFF                         (abs)        000000
__CFG_FCMEN$OFF                         (abs)        000000
__CFG_FOSC$HS                           (abs)        000000
__CFG_ICPRT$OFF                         (abs)        000000
__CFG_IESO$OFF                          (abs)        000000
__CFG_LPT1OSC$OFF                       (abs)        000000
__CFG_LVP$OFF                           (abs)        000000
__CFG_MCLRE$OFF                         (abs)        000000
__CFG_PBADEN$OFF                        (abs)        000000
__CFG_PLLDIV$5                          (abs)        000000
__CFG_PWRT$ON                           (abs)        000000
__CFG_STVREN$OFF                        (abs)        000000
__CFG_USBDIV$1                          (abs)        000000
__CFG_VREGEN$OFF                        (abs)        000000
__CFG_WDT$OFF                           (abs)        000000
__CFG_WDTPS$32768                       (abs)        000000
__CFG_WRT0$OFF                          (abs)        000000
__CFG_WRT1$OFF                          (abs)        000000
__CFG_WRT2$OFF                          (abs)        000000
__CFG_WRT3$OFF                          (abs)        000000
__CFG_WRTB$OFF                          (abs)        000000
__CFG_WRTC$OFF                          (abs)        000000
__CFG_WRTD$OFF                          (abs)        000000
__CFG_XINST$OFF                         (abs)        000000
__HRAM                                  (abs)        000000
__Habs1                                 abs1         000000
__Hbank0                                bank0        000000
__Hbank1                                bank1        000000
__Hbank2                                bank2        000000
__Hbank3                                bank3        000000
__Hbank4                                bank4        000000
__Hbank5                                bank5        000000
__Hbank6                                bank6        000000
__Hbank7                                bank7        000000
__Hbigbss                               bigbss       000000
__Hbigdata                              bigdata      000000
__Hbigram                               bigram       000000
__Hbss                                  bss          000000
__HbssBANK0                             bssBANK0     000000
__Hcinit                                cinit        000000
__Hclrtext                              clrtext      000000
__Hcomram                               comram       000000
__Hconfig                               config       30000E
__Hconst                                const        000000
__HcstackCOMRAM                         cstackCOMRAM 000000
__Hdata                                 data         000000
__HdataBANK0                            dataBANK0    000000
__HdataBANK1                            dataBANK1    000000
__HdataCOMRAM                           dataCOMRAM   000000
__Heeprom_data                          eeprom_data  000000
__Hfarbss                               farbss       000000
__Hfardata                              fardata      000000
__Hibigdata                             ibigdata     000000
__Hidata                                idata        000000
__HidataBANK0                           idataBANK0   000000
__HidataBANK1                           idataBANK1   000000
__HidataCOMRAM                          idataCOMRAM  000000
__Hidloc                                idloc        200008
__Hifardata                             ifardata     000000
__Hinit                                 init         000012
__Hintcode                              intcode      00000E
__Hintcode_body                         intcode_body 000000
__Hintcodelo                            intcodelo    00000E
__Hintentry                             intentry     000000
__Hintret                               intret       000000
__Hintsave_regs                         intsave_regs 000000
__Hirdata                               irdata       000000
__Hmediumconst                          mediumconst  008000
__HnvFARRAM                             nvFARRAM     000000
__Hnvbit                                nvbit        000000
__Hnvrram                               nvrram       000000
__Hparam                                rparam       000000
__Hpowerup                              powerup      00000E
__Hram                                  ram          000000
__Hramtop                               ramtop       000800
__Hrbit                                 rbit         000000
__Hrbss                                 rbss         000000
__Hrdata                                rdata        000000
__Hreset_vec                            reset_vec    000004
__Hrparam                               rparam       000000
__Hsfr                                  sfr          000000
__Hsmallconst                           smallconst   000000
__Hspace_0                              (abs)        30000E
__Hspace_1                              (abs)        000173
__Hspace_2                              (abs)        000000
__Hstack                                stack        000000
__Hstruct                               struct       000000
__Htemp                                 temp         000060
__Htext                                 text         000000
__Htext0                                text0        000000
__Htext1                                text1        000000
__Htext10                               text10       000000
__Htext100                              text100      000000
__Htext101                              text101      000000
__Htext102                              text102      000000
__Htext103                              text103      000000
__Htext104                              text104      000000
__Htext105                              text105      000000
__Htext106                              text106      000000
__Htext107                              text107      000000
__Htext108                              text108      000000
__Htext109                              text109      000000
__Htext11                               text11       000000
__Htext110                              text110      000000
__Htext111                              text111      000000
__Htext112                              text112      000000
__Htext113                              text113      000000
__Htext114                              text114      000000
__Htext115                              text115      000000
__Htext116                              text116      000000
__Htext117                              text117      000000
__Htext118                              text118      000000
__Htext119                              text119      000000
__Htext12                               text12       000000
__Htext120                              text120      000000
__Htext121                              text121      000000
__Htext122                              text122      000000
__Htext123                              text123      000000
__Htext124                              text124      000000
__Htext125                              text125      000000
__Htext126                              text126      000000
__Htext127                              text127      000000
__Htext128                              text128      000000
__Htext129                              text129      000000
__Htext13                               text13       000000
__Htext130                              text130      000000
__Htext131                              text131      000000
__Htext132                              text132      000000
__Htext133                              text133      000000
__Htext134                              text134      000000
__Htext135                              text135      000000
__Htext136                              text136      000000
__Htext137                              text137      000000
__Htext138                              text138      000000
__Htext139                              text139      000000
__Htext14                               text14       000000
__Htext141                              text141      000000
__Htext142                              text142      000000
__Htext15                               text15       000000
__Htext16                               text16       000000
__Htext17                               text17       000000
__Htext18                               text18       000000
__Htext19                               text19       000000
__Htext2                                text2        000000
__Htext20                               text20       000000
__Htext21                               text21       000000
__Htext22                               text22       000000
__Htext23                               text23       000000
__Htext24                               text24       000000
__Htext25                               text25       000000
__Htext26                               text26       000000
__Htext27                               text27       000000
__Htext28                               text28       000000
__Htext29                               text29       000000
__Htext3                                text3        000000
__Htext30                               text30       000000
__Htext31                               text31       000000
__Htext32                               text32       000000
__Htext33                               text33       000000
__Htext34                               text34       000000
__Htext35                               text35       000000
__Htext36                               text36       000000
__Htext37                               text37       000000
__Htext38                               text38       000000
__Htext39                               text39       000000
__Htext4                                text4        000000
__Htext40                               text40       000000
__Htext41                               text41       000000
__Htext42                               text42       000000
__Htext43                               text43       000000
__Htext44                               text44       000000
__Htext45                               text45       000000
__Htext46                               text46       000000
__Htext47                               text47       000000
__Htext48                               text48       000000
__Htext49                               text49       000000
__Htext5                                text5        000000
__Htext50                               text50       000000
__Htext51                               text51       000000
__Htext52                               text52       000000
__Htext53                               text53       000000
__Htext54                               text54       000000
__Htext55                               text55       000000
__Htext56                               text56       000000
__Htext57                               text57       000000
__Htext58                               text58       000000
__Htext59                               text59       000000
__Htext6                                text6        000000
__Htext60                               text60       000000
__Htext61                               text61       000000
__Htext62                               text62       000000
__Htext63                               text63       000000
__Htext64                               text64       000000
__Htext65                               text65       000000
__Htext66                               text66       000000
__Htext67                               text67       000000
__Htext68                               text68       000000
__Htext69                               text69       000000
__Htext7                                text7        000000
__Htext70                               text70       000000
__Htext71                               text71       000000
__Htext72                               text72       000000
__Htext73                               text73       000000
__Htext74                               text74       000000
__Htext75                               text75       000000
__Htext76                               text76       000000
__Htext77                               text77       000000
__Htext78                               text78       000000
__Htext79                               text79       000000
__Htext8                                text8        000000
__Htext80                               text80       000000
__Htext81                               text81       000000
__Htext82                               text82       000000
__Htext83                               text83       000000
__Htext84                               text84       000000
__Htext85                               text85       000000
__Htext86                               text86       000000
__Htext87                               text87       000000
__Htext88                               text88       000000
__Htext89                               text89       000000
__Htext9                                text9        000000
__Htext90                               text90       000000
__Htext91                               text91       000000
__Htext92                               text92       000000
__Htext93                               text93       000000
__Htext94                               text94       000000
__Htext95                               text95       000000
__Htext96                               text96       000000
__Htext97                               text97       000000
__Htext98                               text98       000000
__Htext99                               text99       000000
__LRAM                                  (abs)        000001
__Labs1                                 abs1         000000
__Lbank0                                bank0        000000
__Lbank1                                bank1        000000
__Lbank2                                bank2        000000
__Lbank3                                bank3        000000
__Lbank4                                bank4        000000
__Lbank5                                bank5        000000
__Lbank6                                bank6        000000
__Lbank7                                bank7        000000
__Lbigbss                               bigbss       000000
__Lbigdata                              bigdata      000000
__Lbigram                               bigram       000000
__Lbss                                  bss          000000
__LbssBANK0                             bssBANK0     000000
__Lcinit                                cinit        000000
__Lclrtext                              clrtext      000000
__Lcomram                               comram       000000
__Lconfig                               config       300000
__Lconst                                const        000000
__LcstackCOMRAM                         cstackCOMRAM 000000
__Ldata                                 data         000000
__LdataBANK0                            dataBANK0    000000
__LdataBANK1                            dataBANK1    000000
__LdataCOMRAM                           dataCOMRAM   000000
__Leeprom_data                          eeprom_data  000000
__Lfarbss                               farbss       000000
__Lfardata                              fardata      000000
__Libigdata                             ibigdata     000000
__Lidata                                idata        000000
__LidataBANK0                           idataBANK0   000000
__LidataBANK1                           idataBANK1   000000
__LidataCOMRAM                          idataCOMRAM  000000
__Lidloc                                idloc        200000
__Lifardata                             ifardata     000000
__Linit                                 init         00000E
__Lintcode                              intcode      000008
__Lintcode_body                         intcode_body 000000
__Lintcodelo                            intcodelo    00000E
__Lintentry                             intentry     000000
__Lintret                               intret       000000
__Lintsave_regs                         intsave_regs 000000
__Lirdata                               irdata       000000
__Lmediumconst                          mediumconst  007C78
__LnvFARRAM                             nvFARRAM     000000
__Lnvbit                                nvbit        000000
__Lnvrram                               nvrram       000000
__Lparam                                rparam       000000
__Lpowerup                              powerup      00000E
__Lram                                  ram          000000
__Lramtop                               ramtop       000800
__Lrbit                                 rbit         000000
__Lrbss                                 rbss         000000
__Lrdata                                rdata        000000
__Lreset_vec                            reset_vec    000000
__Lrparam                               rparam       000000
__Lsfr                                  sfr          000000
__Lsmallconst                           smallconst   000000
__Lspace_0                              (abs)        000000
__Lspace_1                              (abs)        000000
__Lspace_2                              (abs)        000000
__Lstack                                stack        000000
__Lstruct                               struct       000000
__Ltemp                                 temp         00005F
__Ltext                                 text         000000
__Ltext0                                text0        000000
__Ltext1                                text1        000000
__Ltext10                               text10       000000
__Ltext100                              text100      000000
__Ltext101                              text101      000000
__Ltext102                              text102      000000
__Ltext103                              text103      000000
__Ltext104                              text104      000000
__Ltext105                              text105      000000
__Ltext106                              text106      000000
__Ltext107                              text107      000000
__Ltext108                              text108      000000
__Ltext109                              text109      000000
__Ltext11                               text11       000000
__Ltext110                              text110      000000
__Ltext111                              text111      000000
__Ltext112                              text112      000000
__Ltext113                              text113      000000
__Ltext114                              text114      000000
__Ltext115                              text115      000000
__Ltext116                              text116      000000
__Ltext117                              text117      000000
__Ltext118                              text118      000000
__Ltext119                              text119      000000
__Ltext12                               text12       000000
__Ltext120                              text120      000000
__Ltext121                              text121      000000
__Ltext122                              text122      000000
__Ltext123                              text123      000000
__Ltext124                              text124      000000
__Ltext125                              text125      000000
__Ltext126                              text126      000000
__Ltext127                              text127      000000
__Ltext128                              text128      000000
__Ltext129                              text129      000000
__Ltext13                               text13       000000
__Ltext130                              text130      000000
__Ltext131                              text131      000000
__Ltext132                              text132      000000
__Ltext133                              text133      000000
__Ltext134                              text134      000000
__Ltext135                              text135      000000
__Ltext136                              text136      000000
__Ltext137                              text137      000000
__Ltext138                              text138      000000
__Ltext139                              text139      000000
__Ltext14                               text14       000000
__Ltext141                              text141      000000
__Ltext142                              text142      000000
__Ltext15                               text15       000000
__Ltext16                               text16       000000
__Ltext17                               text17       000000
__Ltext18                               text18       000000
__Ltext19                               text19       000000
__Ltext2                                text2        000000
__Ltext20                               text20       000000
__Ltext21                               text21       000000
__Ltext22                               text22       000000
__Ltext23                               text23       000000
__Ltext24                               text24       000000
__Ltext25                               text25       000000
__Ltext26                               text26       000000
__Ltext27                               text27       000000
__Ltext28                               text28       000000
__Ltext29                               text29       000000
__Ltext3                                text3        000000
__Ltext30                               text30       000000
__Ltext31                               text31       000000
__Ltext32                               text32       000000
__Ltext33                               text33       000000
__Ltext34                               text34       000000
__Ltext35                               text35       000000
__Ltext36                               text36       000000
__Ltext37                               text37       000000
__Ltext38                               text38       000000
__Ltext39                               text39       000000
__Ltext4                                text4        000000
__Ltext40                               text40       000000
__Ltext41                               text41       000000
__Ltext42                               text42       000000
__Ltext43                               text43       000000
__Ltext44                               text44       000000
__Ltext45                               text45       000000
__Ltext46                               text46       000000
__Ltext47                               text47       000000
__Ltext48                               text48       000000
__Ltext49                               text49       000000
__Ltext5                                text5        000000
__Ltext50                               text50       000000
__Ltext51                               text51       000000
__Ltext52                               text52       000000
__Ltext53                               text53       000000
__Ltext54                               text54       000000
__Ltext55                               text55       000000
__Ltext56                               text56       000000
__Ltext57                               text57       000000
__Ltext58                               text58       000000
__Ltext59                               text59       000000
__Ltext6                                text6        000000
__Ltext60                               text60       000000
__Ltext61                               text61       000000
__Ltext62                               text62       000000
__Ltext63                               text63       000000
__Ltext64                               text64       000000
__Ltext65                               text65       000000
__Ltext66                               text66       000000
__Ltext67                               text67       000000
__Ltext68                               text68       000000
__Ltext69                               text69       000000
__Ltext7                                text7        000000
__Ltext70                               text70       000000
__Ltext71                               text71       000000
__Ltext72                               text72       000000
__Ltext73                               text73       000000
__Ltext74                               text74       000000
__Ltext75                               text75       000000
__Ltext76                               text76       000000
__Ltext77                               text77       000000
__Ltext78                               text78       000000
__Ltext79                               text79       000000
__Ltext8                                text8        000000
__Ltext80                               text80       000000
__Ltext81                               text81       000000
__Ltext82                               text82       000000
__Ltext83                               text83       000000
__Ltext84                               text84       000000
__Ltext85                               text85       000000
__Ltext86                               text86       000000
__Ltext87                               text87       000000
__Ltext88                               text88       000000
__Ltext89                               text89       000000
__Ltext9                                text9        000000
__Ltext90                               text90       000000
__Ltext91                               text91       000000
__Ltext92                               text92       000000
__Ltext93                               text93       000000
__Ltext94                               text94       000000
__Ltext95                               text95       000000
__Ltext96                               text96       000000
__Ltext97                               text97       000000
__Ltext98                               text98       000000
__Ltext99                               text99       000000
__S0                                    (abs)        30000E
__S1                                    (abs)        000173
__S2                                    (abs)        000000
___aldiv                                text116      00282A
___aldiv@counter                        cstackCOMRAM 000015
___aldiv@dividend                       cstackCOMRAM 00000D
___aldiv@divisor                        cstackCOMRAM 000011
___aldiv@quotient                       cstackCOMRAM 000017
___aldiv@sign                           cstackCOMRAM 000016
___awdiv                                text112      0033A2
___awdiv@counter                        cstackCOMRAM 000005
___awdiv@dividend                       cstackCOMRAM 000001
___awdiv@divisor                        cstackCOMRAM 000003
___awdiv@quotient                       cstackCOMRAM 000007
___awdiv@sign                           cstackCOMRAM 000006
___awmod                                text111      0039BE
___awmod@counter                        cstackCOMRAM 000005
___awmod@dividend                       cstackCOMRAM 000001
___awmod@divisor                        cstackCOMRAM 000003
___awmod@sign                           cstackCOMRAM 000006
___flmul                                text74       000012
___flmul@a                              cstackCOMRAM 000013
___flmul@aexp                           cstackCOMRAM 000020
___flmul@b                              cstackCOMRAM 00000F
___flmul@bexp                           cstackCOMRAM 000021
___flmul@grs                            cstackCOMRAM 00001C
___flmul@prod                           cstackCOMRAM 000022
___flmul@sign                           cstackCOMRAM 00001B
___flmul@temp                           cstackCOMRAM 000026
___fltol                                text73       00245C
___fltol@exp1                           cstackCOMRAM 000031
___fltol@f1                             cstackCOMRAM 000028
___fltol@sign1                          cstackCOMRAM 000030
___inthi_sp                             stack        000000
___intlo_sp                             stack        000000
___lldiv                                text121      004220
___lldiv@counter                        cstackCOMRAM 00000D
___lldiv@dividend                       cstackCOMRAM 000001
___lldiv@divisor                        cstackCOMRAM 000005
___lldiv@quotient                       cstackCOMRAM 000009
___lmul                                 text115      004B34
___lmul@multiplicand                    cstackCOMRAM 000005
___lmul@multiplier                      cstackCOMRAM 000001
___lmul@product                         cstackCOMRAM 000009
___lwdiv                                text90       0048CE
___lwdiv@counter                        cstackCOMRAM 000007
___lwdiv@dividend                       cstackCOMRAM 000001
___lwdiv@divisor                        cstackCOMRAM 000003
___lwdiv@quotient                       cstackCOMRAM 000005
___param_bank                           (abs)        000000
___rparam_used                          (abs)        000001
___sp                                   stack        000000
___wmul                                 text114      0057BE
___wmul@multiplicand                    cstackCOMRAM 000003
___wmul@multiplier                      cstackCOMRAM 000001
___wmul@product                         cstackCOMRAM 000005
___xxtofl                               text72       001478
___xxtofl@arg                           cstackCOMRAM 00000B
___xxtofl@exp                           cstackCOMRAM 00000A
___xxtofl@sign                          cstackCOMRAM 000009
___xxtofl@val                           cstackCOMRAM 000001
__accesstop                             (abs)        000060
__activetblptr                          (abs)        000002
__end_of_EEPROM_read                    text104      005A18
__end_of_EEPROM_write                   text83       0056A8
__end_of_I2C_ack_receive                text135      0059EC
__end_of_I2C_init                       text120      005566
__end_of_I2C_start                      text134      0059D4
__end_of_I2C_stop                       text136      005A04
__end_of_I2C_tx                         text133      005906
__end_of_MCP4725                        text129      0058E8
__end_of___aldiv                        text116      00295E
__end_of___awdiv                        text112      00348E
__end_of___awmod                        text111      003A96
__end_of___flmul                        text74       000480
__end_of___fltol                        text73       0025AE
__end_of___lldiv                        text121      0042D8
__end_of___lmul                         text115      004BA6
__end_of___lwdiv                        text90       004956
__end_of___wmul                         text114      0057E8
__end_of___xxtofl                       text72       001654
__end_of__initialization                cinit        004C04
__end_of_addContCiclos                  text124      005ACC
__end_of_addIndicePassos                text123      005922
__end_of_ajuste_init                    text80       002FEA
__end_of_alt_atuador                    text93       004386
__end_of_buscar_dado                    text102      005810
__end_of_buscar_receita                 text101      0050D0
__end_of_codifica                       text100      0021A2
__end_of_dac_init                       text131      0054B6
__end_of_dac_write                      text130      005336
__end_of_decodifica                     text113      00245C
__end_of_delay                          text132      0056DA
__end_of_deletar_receita                text75       005124
__end_of_dignum_apagar                  text89       005738
__end_of_dignum_conc                    text88       0051C6
__end_of_dignum_tam                     text99       0052EE
__end_of_dispLCD                        text91       004AC0
__end_of_dispLCD_clr                    text76       005ABC
__end_of_dispLCD_dataReg                text110      005214
__end_of_dispLCD_init                   text66       0055D4
__end_of_dispLCD_instReg                text109      002EF0
__end_of_dispLCD_lincol                 text108      004F52
__end_of_dispLCD_num                    text107      001D18
__end_of_end_receita                    text103      005838
__end_of_fifo_add                       text97       004E86
__end_of_fifo_add_ciclo                 text85       005A78
__end_of_fifo_add_control               text96       005178
__end_of_fifo_add_tempo                 text95       004E1E
__end_of_fifo_adrs                      text84       005A6C
__end_of_fifo_alinharPrint              text98       002DEC
__end_of_fifo_delete                    text79       004220
__end_of_fifo_disponivel                text69       005970
__end_of_fifo_indice                    text122      005AC4
__end_of_fifo_indicePrint_dec           text68       005956
__end_of_fifo_indicePrint_inc           text67       004D4E
__end_of_fifo_lerPos                    text138      0059A4
__end_of_fifo_print                     text78       0007D0
__end_of_fifo_print_reset               text77       0054F2
__end_of_fifo_tam                       text70       005AB4
__end_of_formatar_receitas              text71       00560A
__end_of_getCiclos                      text128      0058A4
__end_of_getContCiclos                  text127      005A98
__end_of_getIndicePassos                text137      005AA2
__end_of_get_tecla                      text139      005AAC
__end_of_go_comeback                    text14       0049D0
__end_of_initSerialIO                   text119      005766
__end_of_intt1_1ms                      text141      005640
__end_of_irq                            intcode_body 00570A
__end_of_ler_atuador                    text94       003CF8
__end_of_ler_sensor                     text117      002A92
__end_of_list                           mediumconst  007CA1
__end_of_main                           text0        0045FC
__end_of_manipula_atuadores_init        text92       004DB6
__end_of_me_exec_botoes                 text13       004FB2
__end_of_me_exec_ciclos                 text8        0048CE
__end_of_me_exec_delay                  text11       00559E
__end_of_me_exec_indice                 text9        0052A6
__end_of_me_exec_init                   text29       0053BC
__end_of_me_exec_ler_sensor             text10       005478
__end_of_me_exec_ler_step               text12       00552C
__end_of_me_exec_principal              text27       002308
__end_of_me_exec_vazio                  text62       005A5E
__end_of_me_tela_buscar_tecla           text40       00102E
__end_of_me_tela_edit_ciclos            text37       004692
__end_of_me_tela_edit_ciclos_tecla      text32       00282A
__end_of_me_tela_execucao               text30       0047BA
__end_of_me_tela_execucao_print         text28       000B14
__end_of_me_tela_inserir_ciclo_fifo     text31       005792
__end_of_me_tela_inserir_contrl_fila    text44       00585C
__end_of_me_tela_inserir_passo          text51       00537A
__end_of_me_tela_inserir_tempo_fila     text46       005880
__end_of_me_tela_memoria_aviso          text36       002CD4
__end_of_me_tela_memoria_escolha        text35       004168
__end_of_me_tela_memoria_escolha_tecla  text34       0019D4
__end_of_me_tela_memoria_ocupadas       text55       0059BC
__end_of_me_tela_memoria_salvando       text33       0031C8
__end_of_me_tela_salvar_seq             text43       0032B6
__end_of_me_telas_ajuste_editar         text52       001820
__end_of_me_telas_ajuste_inicial        text56       004728
__end_of_me_telas_buscar                text41       0044C6
__end_of_me_telas_cancelar_execucao     text26       003732
__end_of_me_telas_clean                 text60       0057BE
__end_of_me_telas_config1_excluir       text18       005012
__end_of_me_telas_config1_exec          text19       0040B0
__end_of_me_telas_config1_msg           text24       004426
__end_of_me_telas_config1_tecla         text20       00127C
__end_of_me_telas_config2_exec          text17       00203A
__end_of_me_telas_config2_msg           text23       003B66
__end_of_me_telas_config2_ready         text16       004846
__end_of_me_telas_config4_inf           text21       003DB8
__end_of_me_telas_config_menu           text53       003F36
__end_of_me_telas_config_menu_tecla     text25       0030DA
__end_of_me_telas_config_terceiro       text22       003E78
__end_of_me_telas_contar_passo          text50       0038E6
__end_of_me_telas_controle              text45       004C7C
__end_of_me_telas_delay                 text58       0053FC
__end_of_me_telas_editar_passo          text49       001478
__end_of_me_telas_init                  text63       005674
__end_of_me_telas_logo                  text61       0039BE
__end_of_me_telas_menu                  text59       003FF4
__end_of_me_telas_menu_tecla            text57       003C34
__end_of_me_telas_num_config            text42       0033A2
__end_of_me_telas_print_buscar          text38       00380C
__end_of_me_telas_print_fifo            text48       005A3E
__end_of_me_telas_repetir_ultima_seq    text54       000DD8
__end_of_me_telas_start                 text15       0026F4
__end_of_me_telas_teclado               text39       002BBA
__end_of_me_telas_tempo                 text47       004CE6
__end_of_me_telas_verifica_memoria      text64       001EB2
__end_of_posAtual                       text87       00598A
__end_of_printExec                      text86       001B76
__end_of_receita_livre                  text65       004562
__end_of_resetContCiclos                text118      005A84
__end_of_resetIndicePassos              text126      005AD4
__end_of_salvar_dado                    text82       0058C6
__end_of_salvar_receita                 text81       005072
__end_of_serialIObyteShift              text7        004EEC
__end_of_serialIOload                   text6        005ADA
__end_of_serialIOscan                   text5        004A48
__end_of_setT1                          text106      005A2C
[...]
		On entry : 
		On exit  : 
		Unchanged: 
 Data sizes:     COMRAM   BANK0   BANK1   BANK2   BANK3   BANK4   BANK5   BANK6   BANK7
      Params:         0       0       0       0       0       0       0       0       0
      Locals:         1       0       0       0       0       0       0       0       0
      Temps:          0       0       0       0       0       0       0       0       0
      Totals:         1       0       0       0       0       0       0       0       0
Total ram usage:        1 bytes
 Hardware stack levels used:    1
 Hardware stack levels required when called:    2
 This function calls:
		Nothing
 This function is called by:
		_dac_init
		_dac_write
 This function uses a non-reentrant model


 *************** function _I2C_start *****************
 Defined at:
		line 28 in file "i2c.c"
 Parameters:    Size  Location     Type
		None
 Auto vars:     Size  Location     Type
		None
 Return value:  Size  Location     Type
                  1    wreg      void 
 Registers used:
		None
 Tracked objects:
		On entry : 
		On exit  : 
		Unchanged: 
 Data sizes:     COMRAM   BANK0   BANK1   BANK2   BANK3   BANK4   BANK5   BANK6   BANK7
      Params:         0       0       0       0       0       0       0       0       0
      Locals:         0       0       0       0       0       0       0       0       0
      Temps:          0       0       0       0       0       0       0       0       0
      Totals:         0       0       0       0       0       0       0       0       0
Total ram usage:        0 bytes
 Hardware stack levels used:    1
 Hardware stack levels required when called:    2
 This function calls:
		Nothing
 This function is called by:
		_dac_init
 This function uses a non-reentrant model


 *************** function _I2C_ack_receive *****************
 Defined at:
		line 62 in file "i2c.c"
 Parameters:    Size  Location     Type
		None
 Auto vars:     Size  Location     Type
		None
 Return value:  Size  Location     Type
                  1    wreg      void 
 Registers used:
		None
 Tracked objects:
		On entry : 
		On exit  : 
		Unchanged: 
 Data sizes:     COMRAM   BANK0   BANK1   BANK2   BANK3   BANK4   BANK5   BANK6   BANK7
      Params:         0       0       0       0       0       0       0       0       0
      Locals:         0       0       0       0       0       0       0       0       0
      Temps:          0       0       0       0       0       0       0       0       0
      Totals:         0       0       0       0       0       0       0       0       0
Total ram usage:        0 bytes
 Hardware stack levels used:    1
 Hardware stack levels required when called:    2
 This function calls:
		Nothing
 This function is called by:
		_dac_init
		_dac_write
 This function uses a non-reentrant model


 *************** function _I2C_stop *****************
 Defined at:
		line 47 in file "i2c.c"
 Parameters:    Size  Location     Type
		None
 Auto vars:     Size  Location     Type
		None
 Return value:  Size  Location     Type
                  1    wreg      void 
 Registers used:
		None
 Tracked objects:
		On entry : 
		On exit  : 
		Unchanged: 
 Data sizes:     COMRAM   BANK0   BANK1   BANK2   BANK3   BANK4   BANK5   BANK6   BANK7
      Params:         0       0       0       0       0       0       0       0       0
      Locals:         0       0       0       0       0       0       0       0       0
      Temps:          0       0       0       0       0       0       0       0       0
      Totals:         0       0       0       0       0       0       0       0       0
Total ram usage:        0 bytes
 Hardware stack levels used:    1
 Hardware stack levels required when called:    2
 This function calls:
		Nothing
 This function is called by:
		_MCP4725
		_MCP4725X
 This function uses a non-reentrant model


 *************** function _getIndicePassos *****************
 Defined at:
		line 32 in file "fifo.c"
 Parameters:    Size  Location     Type
		None
 Auto vars:     Size  Location     Type
		None
 Return value:  Size  Location     Type
                  1    wreg      unsigned char 
 Registers used:
		wreg, status,2
 Tracked objects:
		On entry : 
		On exit  : 
		Unchanged: 
 Data sizes:     COMRAM   BANK0   BANK1   BANK2   BANK3   BANK4   BANK5   BANK6   BANK7
      Params:         0       0       0       0       0       0       0       0       0
      Locals:         0       0       0       0       0       0       0       0       0
      Temps:          0       0       0       0       0       0       0       0       0
      Totals:         0       0       0       0       0       0       0       0       0
Total ram usage:        0 bytes
 Hardware stack levels used:    1
 Hardware stack levels required when called:    2
 This function calls:
		Nothing
 This function is called by:
		_me_tela_execucao_print
		_me_exec_botoes
		_me_exec_indice
		_posAtual
 This function uses a non-reentrant model


 *************** function _fifo_lerPos *****************
 Defined at:
		line 169 in file "fifo.c"
 Parameters:    Size  Location     Type
  i               1    wreg     unsigned char 
 Auto vars:     Size  Location     Type
  i               1    0[COMRAM] unsigned char 
 Return value:  Size  Location     Type
                  1    wreg      unsigned char 
 Registers used:
		wreg, fsr2l, fsr2h, status,2, status,0, prodl, prodh
 Tracked objects:
		On entry : 
		On exit  : 
		Unchanged: 
 Data sizes:     COMRAM   BANK0   BANK1   BANK2   BANK3   BANK4   BANK5   BANK6   BANK7
      Params:         0       0       0       0       0       0       0       0       0
      Locals:         1       0       0       0       0       0       0       0       0
      Temps:          0       0       0       0       0       0       0       0       0
      Totals:         1       0       0       0       0       0       0       0       0
Total ram usage:        1 bytes
 Hardware stack levels used:    1
 Hardware stack levels required when called:    2
 This function calls:
		Nothing
 This function is called by:
		_me_exec_botoes
		_posAtual
 This function uses a non-reentrant model


 *************** function _get_tecla *****************
 Defined at:
		line 118 in file "teclado.c"
 Parameters:    Size  Location     Type
		None
 Auto vars:     Size  Location     Type
		None
 Return value:  Size  Location     Type
                  1    wreg      unsigned char 
 Registers used:
		wreg, status,2
 Tracked objects:
		On entry : 
		On exit  : 
		Unchanged: 
 Data sizes:     COMRAM   BANK0   BANK1   BANK2   BANK3   BANK4   BANK5   BANK6   BANK7
      Params:         0       0       0       0       0       0       0       0       0
      Locals:         0       0       0       0       0       0       0       0       0
      Temps:          0       0       0       0       0       0       0       0       0
      Totals:         0       0       0       0       0       0       0       0       0
Total ram usage:        0 bytes
 Hardware stack levels used:    1
 Hardware stack levels required when called:    2
 This function calls:
		Nothing
 This function is called by:
		_me_telas_menu_tecla
		_go_comeback
		_me_telas_ajuste_editar
		_me_telas_contar_passo
		_me_telas_editar_passo
		_me_telas_num_config
		_me_telas_teclado
		_me_tela_salvar_seq
		_me_tela_memoria_aviso
		_me_tela_memoria_escolha_tecla
		_me_tela_edit_ciclos_tecla
		_me_tela_execucao_print
		_me_telas_cancelar_execucao
		_me_telas_repetir_ultima_seq
		_me_telas_config_menu_tecla
		_me_telas_config1_exec
		_me_telas_config_terceiro
		_me_telas_config4_inf
 This function uses a non-reentrant model


 *************** function _irq *****************
 Defined at:
		line 22 in file "main.c"
 Parameters:    Size  Location     Type
		None
 Auto vars:     Size  Location     Type
		None
 Return value:  Size  Location     Type
                  1    wreg      void 
 Registers used:
		wreg, status,2, status,0, cstack
 Tracked objects:
		On entry : 
		On exit  : 
		Unchanged: 
 Data sizes:     COMRAM   BANK0   BANK1   BANK2   BANK3   BANK4   BANK5   BANK6   BANK7
      Params:         0       0       0       0       0       0       0       0       0
      Locals:         0       0       0       0       0       0       0       0       0
      Temps:          0       0       0       0       0       0       0       0       0
      Totals:         0       0       0       0       0       0       0       0       0
Total ram usage:        0 bytes
 Hardware stack levels used:    1
 Hardware stack levels required when called:    1
 This function calls:
		_intt1_1ms
 This function is called by:
		Interrupt level 2
 This function uses a non-reentrant model


 *************** function _intt1_1ms *****************
 Defined at:
		line 10 in file "timer1.c"
 Parameters:    Size  Location     Type
		None
 Auto vars:     Size  Location     Type
		None
 Return value:  Size  Location     Type
                  1    wreg      void 
 Registers used:
		wreg, status,2, status,0
 Tracked objects:
		On entry : 
		On exit  : 
		Unchanged: 
 Data sizes:     COMRAM   BANK0   BANK1   BANK2   BANK3   BANK4   BANK5   BANK6   BANK7
      Params:         0       0       0       0       0       0       0       0       0
      Locals:         0       0       0       0       0       0       0       0       0
      Temps:          0       0       0       0       0       0       0       0       0
      Totals:         0       0       0       0       0       0       0       0       0
Total ram usage:        0 bytes
 Hardware stack levels used:    1
 This function calls:
		Nothing
 This function is called by:
		_irq
 This function uses a non-reentrant model



MODULE INFORMATION

Module		Function		Class		Link	Load	Size
meEXEC.c
		_me_exec_ler_sensor		CODE           	543A	0000	63
		_me_exec_init  		CODE           	537A	0000	67
		_me_exec_vazio 		CODE           	5A50	0000	15
		_me_exec_delay 		CODE           	5566	0000	57
		_me_exec_ler_step		CODE           	54F2	0000	59
		_me_exec_principal		CODE           	21A2	0000	359
		_me_exec_indice		CODE           	525E	0000	73
		_me_exec_botoes		CODE           	4F52	0000	97
		_me_exec_ciclos		CODE           	4846	0000	137

meEXEC.c estimated size: 927

delay.c
		_delay         		CODE           	56A8	0000	51

delay.c estimated size: 51

C:\Program Files (x86)\Microchip\xc8\v2.00\pic\sources\c99\common\sprcmul.c
		___flmul       		CODE           	0012	0000	1135

C:\Program Files (x86)\Microchip\xc8\v2.00\pic\sources\c99\common\sprcmul.c estimated size: 1135

atuadores.c
		_set_passo     		CODE           	348E	0000	231
		_ler_sensor    		CODE           	295E	0000	309

atuadores.c estimated size: 540

C:\Program Files (x86)\Microchip\xc8\v2.00\pic\sources\c99\common\__lldiv.c
		___lldiv       		CODE           	4220	0000	185

C:\Program Files (x86)\Microchip\xc8\v2.00\pic\sources\c99\common\__lldiv.c estimated size: 185

serialIO.c
		_serialIOload  		CODE           	5AD4	0000	7
		_serialIOscan  		CODE           	49D0	0000	121
		_initSerialIO  		CODE           	5738	0000	47
		_serialIObyteShift		CODE           	4E86	0000	103

serialIO.c estimated size: 278

C:\Program Files (x86)\Microchip\xc8\v2.00\pic\sources\c99\common\Umul32.c
		___lmul        		CODE           	4B34	0000	115

C:\Program Files (x86)\Microchip\xc8\v2.00\pic\sources\c99\common\Umul32.c estimated size: 115

fifo.c
		_fifo_add_control		CODE           	5124	0000	85
		_resetContCiclos		CODE           	5A78	0000	13
		_posAtual      		CODE           	5970	0000	27
		_fifo_add_ciclo		CODE           	5A6C	0000	13
		_fifo_add_tempo		CODE           	4DB6	0000	105
		_addContCiclos 		CODE           	5AC4	0000	9
		_fifo_indicePrint_inc		CODE           	4CE6	0000	105
		_resetIndicePassos		CODE           	5ACC	0000	9
		_dignum_tam    		CODE           	52A6	0000	73
		_dignum_conc   		CODE           	5178	0000	79
		_fifo_tam      		CODE           	5AAC	0000	9
		_fifo_lerPos   		CODE           	598A	0000	27
		_dignum_apagar 		CODE           	570A	0000	47
		_getCiclos     		CODE           	5880	0000	37
		_fifo_indice   		CODE           	5ABC	0000	9
		_ler_atuador   		CODE           	3C34	0000	197
		_manipula_atuadores_init		CODE           	4D4E	0000	105
		_fifo_delete   		CODE           	4168	0000	185
		_codifica      		CODE           	203A	0000	361
		_decodifica    		CODE           	2308	0000	341
		_fifo_print    		CODE           	0480	0000	849
		_alt_atuador   		CODE           	42D8	0000	175
		_fifo_indicePrint_dec		CODE           	593C	0000	27
		_fifo_alinharPrint		CODE           	2CD4	0000	281
		_getIndicePassos		CODE           	5A98	0000	11
		_fifo_print_reset		CODE           	54B6	0000	61
		_fifo_add      		CODE           	4E1E	0000	105
		_fifo_adrs     		CODE           	5A5E	0000	15
		_fifo_disponivel		CODE           	5956	0000	27
		_printExec     		CODE           	19D4	0000	419
		_getContCiclos 		CODE           	5A8E	0000	11
		_addIndicePassos		CODE           	5906	0000	29

fifo.c estimated size: 3846

C:\Program Files (x86)\Microchip\xc8\v2.00\pic\sources\c99\common\xxtofl.c
		___xxtofl      		CODE           	1478	0000	477

C:\Program Files (x86)\Microchip\xc8\v2.00\pic\sources\c99\common\xxtofl.c estimated size: 477

teclado.c
		_get_tecla     		CODE           	5AA2	0000	11
		_teclado_scan  		CODE           	3574	0000	229
		_teclado_init  		CODE           	5A84	0000	11
		_teclado_borda 		CODE           	53FC	0000	63

teclado.c estimated size: 314

C:\Program Files (x86)\Microchip\xc8\v2.00\pic\sources\c99\common\awmod.c
		___awmod       		CODE           	39BE	0000	217

C:\Program Files (x86)\Microchip\xc8\v2.00\pic\sources\c99\common\awmod.c estimated size: 217

i2c.c
		_I2C_stop      		CODE           	59EC	0000	25
		_I2C_init      		CODE           	552C	0000	59
		_I2C_tx        		CODE           	58E8	0000	31
		_I2C_start     		CODE           	59BC	0000	25
		_I2C_ack_receive		CODE           	59D4	0000	25

i2c.c estimated size: 165

sequencia.c
		_receita_livre 		CODE           	44C6	0000	157
		_buscar_dado   		CODE           	57E8	0000	41
		_salvar_dado   		CODE           	58A4	0000	35
		_end_receita   		CODE           	5810	0000	41
		_formatar_receitas		CODE           	55D4	0000	55
		_buscar_receita		CODE           	5072	0000	95
		_salvar_receita		CODE           	5012	0000	97
		_deletar_receita		CODE           	50D0	0000	85

sequencia.c estimated size: 606

eeprom.c
		_EEPROM_read   		CODE           	5A04	0000	21
		_EEPROM_write  		CODE           	5674	0000	53

eeprom.c estimated size: 74

MCP4725.c
		_MCP4725       		CODE           	58C6	0000	35
		_dac_write     		CODE           	52EE	0000	73
		_dac_init      		CODE           	5478	0000	63

MCP4725.c estimated size: 171

C:\Program Files (x86)\Microchip\xc8\v2.00\pic\sources\c99\common\lwdiv.c
		___lwdiv       		CODE           	48CE	0000	137

C:\Program Files (x86)\Microchip\xc8\v2.00\pic\sources\c99\common\lwdiv.c estimated size: 137

C:\Program Files (x86)\Microchip\xc8\v2.00\pic\sources\c99\common\awdiv.c
		___awdiv       		CODE           	33A2	0000	237

C:\Program Files (x86)\Microchip\xc8\v2.00\pic\sources\c99\common\awdiv.c estimated size: 237

meTELAS.c
		_me_telas_clean		CODE           	5792	0000	45
		_me_telas_tempo		CODE           	4C7C	0000	107
		_me_telas_delay		CODE           	53BC	0000	65
		_me_telas_start		CODE           	25AE	0000	327
		_me_telas_editar_passo		CODE           	127C	0000	509
		_me_telas_contar_passo		CODE           	380C	0000	219
		_me_tela_execucao_print		CODE           	07D0	0000	837
		_me_tela_inserir_passo		CODE           	5336	0000	69
		_me_telas_ajuste_inicial		CODE           	4692	0000	151
		_me_tela_buscar_tecla		CODE           	0DD8	0000	599
		_me_tela_inserir_contrl_fila		CODE           	5838	0000	37
		_me_tela_memoria_salvando		CODE           	30DA	0000	239
		_me_tela_memoria_escolha		CODE           	40B0	0000	185
		_go_comeback   		CODE           	4956	0000	123
		_me_tela_edit_ciclos_tecla		CODE           	26F4	0000	311
		_me_tela_edit_ciclos		CODE           	45FC	0000	151
		_me_telas_buscar		CODE           	4426	0000	161
		_me_telas_config4_inf		CODE           	3CF8	0000	193
		_me_tela_memoria_escolha_tecla		CODE           	1820	0000	437
		_me_telas_repetir_ultima_seq		CODE           	0B14	0000	709
		_ajuste_init   		CODE           	2EF0	0000	251
		_me_tela_salvar_seq		CODE           	31C8	0000	239
		_me_telas_menu_tecla		CODE           	3B66	0000	207
		_me_telas_ajuste_editar		CODE           	1654	0000	461
		_me_telas_config1_excluir		CODE           	4FB2	0000	97
		_me_tela_inserir_tempo_fila		CODE           	585C	0000	37
		_me_telas_config2_ready		CODE           	47BA	0000	141
		_me_telas_config_terceiro		CODE           	3DB8	0000	193
		_me_tela_memoria_ocupadas		CODE           	59A4	0000	25
		_me_telas_config1_exec		CODE           	3FF4	0000	189
		_me_telas_config2_exec		CODE           	1EB2	0000	393
		_me_telas_verifica_memoria		CODE           	1D18	0000	411
		_me_tela_inserir_ciclo_fifo		CODE           	5766	0000	45
		_me_telas_num_config		CODE           	32B6	0000	237
		_me_telas_config_menu_tecla		CODE           	2FEA	0000	241
		_me_telas_cancelar_execucao		CODE           	3658	0000	219
		_me_telas_config1_msg		CODE           	4386	0000	161
		_me_telas_config2_msg		CODE           	3A96	0000	209
		_me_telas_print_buscar		CODE           	3732	0000	219
		_me_telas_teclado		CODE           	2A92	0000	297
		_me_telas_config1_tecla		CODE           	102E	0000	591
		_me_tela_execucao		CODE           	4728	0000	147
		_me_tela_memoria_aviso		CODE           	2BBA	0000	283
		_me_telas_logo 		CODE           	38E6	0000	217
		_me_telas_init 		CODE           	5640	0000	53
		_me_telas_menu 		CODE           	3F36	0000	191
		_me_telas_print_fifo		CODE           	5A2C	0000	19
		_me_telas_config_menu		CODE           	3E78	0000	191
		_me_telas_controle		CODE           	4C12	0000	107

meTELAS.c estimated size: 11545

shared
		_list          		MEDIUMCONST    	7C8D	0000	21
		__initialization		CODE           	4BA6	0000	95
		_subscrever    		MEDIUMCONST    	7C79	0000	21

shared estimated size: 137

C:\Program Files (x86)\Microchip\xc8\v2.00\pic\sources\c99\common\fltol.c
		___fltol       		CODE           	245C	0000	339

C:\Program Files (x86)\Microchip\xc8\v2.00\pic\sources\c99\common\fltol.c estimated size: 339

C:\Program Files (x86)\Microchip\xc8\v2.00\pic\sources\c99\common\aldiv.c
		___aldiv       		CODE           	282A	0000	309

C:\Program Files (x86)\Microchip\xc8\v2.00\pic\sources\c99\common\aldiv.c estimated size: 309

C:\Program Files (x86)\Microchip\xc8\v2.00\pic\sources\c99\common\Umul16.c
		___wmul        		CODE           	57BE	0000	43

C:\Program Files (x86)\Microchip\xc8\v2.00\pic\sources\c99\common\Umul16.c estimated size: 43

timer1.c
		_setT1         		CODE           	5A18	0000	21
		_intt1_1ms     		CODE           	560A	0000	55
		_statusT1      		CODE           	5A3E	0000	19
		_timer1_init   		CODE           	5922	0000	27

timer1.c estimated size: 122

main.c
		_main          		CODE           	4562	0000	155
		_irq           		CODE           	0008	0000	55

main.c estimated size: 210

dispLCD4vias.c
		_dispLCD_lincol		CODE           	4EEC	0000	103
		_dispLCD_dataReg		CODE           	51C6	0000	79
		_dispLCD_instReg		CODE           	2DEC	0000	261
		_dispLCD       		CODE           	4A48	0000	121
		_dispLCD_clr   		CODE           	5AB4	0000	9
		_dispLCD_num   		CODE           	1B76	0000	419
		_dispLCD_init  		CODE           	559E	0000	55

dispLCD4vias.c estimated size: 1047

